// Jest Snapshot v1, https://goo.gl/fbAQLP

exports[`SearchForm renders snapshot 1`] = `
<form
  class="sc-gKAaRy jXtnzm"
>
  <div>
    <label
      for="search"
    >
      <strong>
        Search:
      </strong>
    </label>
    Â 
    <input
      id="search"
      type="text"
      value="React"
    />
  </div>
  <button
    class="sc-eCApnc sc-jSFjdj dysteu kzwYmg"
    type="submit"
  >
    Submit
  </button>
</form>
`;
